#-----------------------------------------------------------
# Vivado v2017.4 (64-bit)
# SW Build 2086221 on Fri Dec 15 20:54:30 MST 2017
# IP Build 2085800 on Fri Dec 15 22:25:07 MST 2017
# Start of session at: Sun Apr  8 23:19:53 2018
# Process ID: 26045
# Current directory: /home/giovanni/xilinx_projects/Fixed_Point_Division/Fixed_Point_Division.srcs/sim_1/new
# Command line: vivado
# Log file: /home/giovanni/xilinx_projects/Fixed_Point_Division/Fixed_Point_Division.srcs/sim_1/new/vivado.log
# Journal file: /home/giovanni/xilinx_projects/Fixed_Point_Division/Fixed_Point_Division.srcs/sim_1/new/vivado.jou
#-----------------------------------------------------------
start_gui
open_project /home/giovanni/xilinx_projects/Fixed_Point_Division/Fixed_Point_Division.xpr
update_compile_order -fileset sources_1
launch_simulation -mode post-synthesis -type functional
launch_simulation -mode post-synthesis -type functional
close_design
launch_simulation -mode post-synthesis -type functional
reset_run synth_1
launch_runs synth_1 -jobs 4
wait_on_run synth_1
close_design
launch_simulation -mode post-synthesis -type functional
