#-----------------------------------------------------------
# Vivado v2017.4 (64-bit)
# SW Build 2086221 on Fri Dec 15 20:54:30 MST 2017
# IP Build 2085800 on Fri Dec 15 22:25:07 MST 2017
# Start of session at: Mon Apr 30 13:18:26 2018
# Process ID: 8324
# Current directory: /home/giovanni/xilinx_projects/Fixed_Point_Exponential/Fixed_Point_Exponential.srcs/sources_1/new
# Command line: vivado
# Log file: /home/giovanni/xilinx_projects/Fixed_Point_Exponential/Fixed_Point_Exponential.srcs/sources_1/new/vivado.log
# Journal file: /home/giovanni/xilinx_projects/Fixed_Point_Exponential/Fixed_Point_Exponential.srcs/sources_1/new/vivado.jou
#-----------------------------------------------------------
start_gui
open_project /home/giovanni/xilinx_projects/Fixed_Point_Exponential/Fixed_Point_Exponential.xpr
update_compile_order -fileset sources_1
update_compile_order -fileset sources_1
update_compile_order -fileset sources_1
# Disabling source management mode.  This is to allow the top design properties to be set without GUI intervention.
set_property source_mgmt_mode None [current_project]
set_property top Fract_LUT [current_fileset]
# Re-enabling previously disabled source management mode.
set_property source_mgmt_mode All [current_project]
update_compile_order -fileset sources_1
launch_runs synth_1 -jobs 4
wait_on_run synth_1
reset_run synth_1
launch_runs synth_1 -jobs 4
wait_on_run synth_1
reset_run synth_1
launch_runs synth_1 -jobs 4
wait_on_run synth_1
reset_run synth_1
launch_runs synth_1 -jobs 4
wait_on_run synth_1
reset_run synth_1
launch_runs synth_1 -jobs 4
wait_on_run synth_1
reset_run synth_1
launch_runs synth_1 -jobs 4
wait_on_run synth_1
reset_run synth_1
launch_runs synth_1 -jobs 4
wait_on_run synth_1
reset_run synth_1
launch_runs synth_1 -jobs 4
wait_on_run synth_1
reset_run synth_1
launch_runs synth_1 -jobs 4
wait_on_run synth_1
